// Jest Snapshot v1, https://goo.gl/fbAQLP

exports[`Background should render properly 1`] = `
<div>
  <header
    class="CurrentWeatherstyles__Container-sc-1q9ct3q-0 exIaZs"
  >
    <h1
      class="CurrentWeatherstyles__Header-sc-1q9ct3q-1"
    >
      Gdynia
    </h1>
    <h2
      class="CurrentWeatherstyles__Sky-sc-1q9ct3q-2"
    >
      Partly cloudy
    </h2>
    <div
      class="CurrentWeatherstyles__TemperatureContainer-sc-1q9ct3q-3 fSPikv"
    >
      <img
        class="CurrentWeatherstyles__WeatherSymbol-sc-1q9ct3q-6 gdoEly"
        src="/symbols/svg/partlycloudy_day.svg"
      />
      <span
        class="CurrentWeatherstyles__Temperature-sc-1q9ct3q-4 gjBvlC"
      >
        15°
      </span>
    </div>
    <p
      class="CurrentWeatherstyles__FromTo-sc-1q9ct3q-5 ikOBji"
    >
      From: 15° To: 15°
    </p>
  </header>
</div>
`;
