// Jest Snapshot v1, https://goo.gl/fbAQLP

exports[`CurrentWeather should render properly 1`] = `
<div>
  <header
    class="CurrentWeatherstyles__Container-sc-1ecxqgh-0 cMCauJ"
  />
</div>
`;
