// Jest Snapshot v1, https://goo.gl/fbAQLP

exports[`Hourly should render properly 1`] = `
<div>
  <div
    class="Hourlystyles__Container-sc-9ewovh-0 jQdjbP"
  >
    <div
      class="Hourlystyles__Day-sc-9ewovh-1 jlJFrI"
    >
      <div
        class="Hourlystyles__Hour-sc-9ewovh-2 bbzqeG"
      >
        Now
      </div>
      <img
        alt="Cloudy"
        src="/symbols/svg/cloudy.svg"
        title="Cloudy"
      />
      <div>
        7
        °
      </div>
    </div>
    <div
      class="Hourlystyles__Day-sc-9ewovh-1 jlJFrI"
    >
      <div
        class="Hourlystyles__Hour-sc-9ewovh-2 bbzqeG"
      >
        11
      </div>
      <img
        alt="Light rain"
        src="/symbols/svg/lightrain.svg"
        title="Light rain"
      />
      <div>
        7
        °
      </div>
    </div>
    <div
      class="Hourlystyles__Day-sc-9ewovh-1 jlJFrI"
    >
      <div
        class="Hourlystyles__Hour-sc-9ewovh-2 bbzqeG"
      >
        12
      </div>
      <img
        alt="Light rain"
        src="/symbols/svg/lightrain.svg"
        title="Light rain"
      />
      <div>
        7
        °
      </div>
    </div>
    <div
      class="Hourlystyles__Day-sc-9ewovh-1 jlJFrI"
    >
      <div
        class="Hourlystyles__Hour-sc-9ewovh-2 bbzqeG"
      >
        13
      </div>
      <img
        alt="Rain"
        src="/symbols/svg/rain.svg"
        title="Rain"
      />
      <div>
        5
        °
      </div>
    </div>
    <div
      class="Hourlystyles__Day-sc-9ewovh-1 jlJFrI"
    >
      <div
        class="Hourlystyles__Hour-sc-9ewovh-2 bbzqeG"
      >
        14
      </div>
      <img
        alt="Light rain"
        src="/symbols/svg/lightrain.svg"
        title="Light rain"
      />
      <div>
        5
        °
      </div>
    </div>
    <div
      class="Hourlystyles__Day-sc-9ewovh-1 jlJFrI"
    >
      <div
        class="Hourlystyles__Hour-sc-9ewovh-2 bbzqeG"
      >
        15
      </div>
      <img
        alt="Rain"
        src="/symbols/svg/rain.svg"
        title="Rain"
      />
      <div>
        4
        °
      </div>
    </div>
    <div
      class="Hourlystyles__Day-sc-9ewovh-1 jlJFrI"
    >
      <div
        class="Hourlystyles__Hour-sc-9ewovh-2 bbzqeG"
      >
        16
      </div>
      <img
        alt="Rain"
        src="/symbols/svg/rain.svg"
        title="Rain"
      />
      <div>
        4
        °
      </div>
    </div>
    <div
      class="Hourlystyles__Day-sc-9ewovh-1 jlJFrI"
    >
      <div
        class="Hourlystyles__Hour-sc-9ewovh-2 bbzqeG"
      >
        17
      </div>
      <img
        alt="Light rain"
        src="/symbols/svg/lightrain.svg"
        title="Light rain"
      />
      <div>
        4
        °
      </div>
    </div>
    <div
      class="Hourlystyles__Day-sc-9ewovh-1 jlJFrI"
    >
      <div
        class="Hourlystyles__Hour-sc-9ewovh-2 bbzqeG"
      >
        18
      </div>
      <img
        alt="Cloudy"
        src="/symbols/svg/cloudy.svg"
        title="Cloudy"
      />
      <div>
        4
        °
      </div>
    </div>
    <div
      class="Hourlystyles__Day-sc-9ewovh-1 jlJFrI"
    >
      <div
        class="Hourlystyles__Hour-sc-9ewovh-2 bbzqeG"
      >
        19
      </div>
      <img
        alt="Cloudy"
        src="/symbols/svg/cloudy.svg"
        title="Cloudy"
      />
      <div>
        4
        °
      </div>
    </div>
    <div
      class="Hourlystyles__Day-sc-9ewovh-1 jlJFrI"
    >
      <div
        class="Hourlystyles__Hour-sc-9ewovh-2 bbzqeG"
      >
        20
      </div>
      <img
        alt="Cloudy"
        src="/symbols/svg/cloudy.svg"
        title="Cloudy"
      />
      <div>
        4
        °
      </div>
    </div>
    <div
      class="Hourlystyles__Day-sc-9ewovh-1 jlJFrI"
    >
      <div
        class="Hourlystyles__Hour-sc-9ewovh-2 bbzqeG"
      >
        21
      </div>
      <img
        alt="Cloudy"
        src="/symbols/svg/cloudy.svg"
        title="Cloudy"
      />
      <div>
        4
        °
      </div>
    </div>
    <div
      class="Hourlystyles__Day-sc-9ewovh-1 jlJFrI"
    >
      <div
        class="Hourlystyles__Hour-sc-9ewovh-2 bbzqeG"
      >
        22
      </div>
      <img
        alt="Cloudy"
        src="/symbols/svg/cloudy.svg"
        title="Cloudy"
      />
      <div>
        4
        °
      </div>
    </div>
    <div
      class="Hourlystyles__Day-sc-9ewovh-1 jlJFrI"
    >
      <div
        class="Hourlystyles__Hour-sc-9ewovh-2 bbzqeG"
      >
        23
      </div>
      <img
        alt="Cloudy"
        src="/symbols/svg/cloudy.svg"
        title="Cloudy"
      />
      <div>
        4
        °
      </div>
    </div>
    <div
      class="Hourlystyles__Day-sc-9ewovh-1 jlJFrI"
    >
      <div
        class="Hourlystyles__Hour-sc-9ewovh-2 bbzqeG"
      >
        0
      </div>
      <img
        alt="Partly cloudy"
        src="/symbols/svg/partlycloudy_night.svg"
        title="Partly cloudy"
      />
      <div>
        4
        °
      </div>
    </div>
    <div
      class="Hourlystyles__Day-sc-9ewovh-1 jlJFrI"
    >
      <div
        class="Hourlystyles__Hour-sc-9ewovh-2 bbzqeG"
      >
        1
      </div>
      <img
        alt="Cloudy"
        src="/symbols/svg/cloudy.svg"
        title="Cloudy"
      />
      <div>
        4
        °
      </div>
    </div>
    <div
      class="Hourlystyles__Day-sc-9ewovh-1 jlJFrI"
    >
      <div
        class="Hourlystyles__Hour-sc-9ewovh-2 bbzqeG"
      >
        2
      </div>
      <img
        alt="Cloudy"
        src="/symbols/svg/cloudy.svg"
        title="Cloudy"
      />
      <div>
        4
        °
      </div>
    </div>
    <div
      class="Hourlystyles__Day-sc-9ewovh-1 jlJFrI"
    >
      <div
        class="Hourlystyles__Hour-sc-9ewovh-2 bbzqeG"
      >
        3
      </div>
      <img
        alt="Cloudy"
        src="/symbols/svg/cloudy.svg"
        title="Cloudy"
      />
      <div>
        3
        °
      </div>
    </div>
    <div
      class="Hourlystyles__Day-sc-9ewovh-1 jlJFrI"
    >
      <div
        class="Hourlystyles__Hour-sc-9ewovh-2 bbzqeG"
      >
        4
      </div>
      <img
        alt="Partly cloudy"
        src="/symbols/svg/partlycloudy_night.svg"
        title="Partly cloudy"
      />
      <div>
        3
        °
      </div>
    </div>
    <div
      class="Hourlystyles__Day-sc-9ewovh-1 jlJFrI"
    >
      <div
        class="Hourlystyles__Hour-sc-9ewovh-2 bbzqeG"
      >
        5
      </div>
      <img
        alt="Partly cloudy"
        src="/symbols/svg/partlycloudy_night.svg"
        title="Partly cloudy"
      />
      <div>
        3
        °
      </div>
    </div>
    <div
      class="Hourlystyles__Day-sc-9ewovh-1 jlJFrI"
    >
      <div
        class="Hourlystyles__Hour-sc-9ewovh-2 bbzqeG"
      >
        6
      </div>
      <img
        alt="Cloudy"
        src="/symbols/svg/cloudy.svg"
        title="Cloudy"
      />
      <div>
        2
        °
      </div>
    </div>
    <div
      class="Hourlystyles__Day-sc-9ewovh-1 jlJFrI"
    >
      <div
        class="Hourlystyles__Hour-sc-9ewovh-2 bbzqeG"
      >
        7
      </div>
      <img
        alt="Cloudy"
        src="/symbols/svg/cloudy.svg"
        title="Cloudy"
      />
      <div>
        3
        °
      </div>
    </div>
    <div
      class="Hourlystyles__Day-sc-9ewovh-1 jlJFrI"
    >
      <div
        class="Hourlystyles__Hour-sc-9ewovh-2 bbzqeG"
      >
        8
      </div>
      <img
        alt="Cloudy"
        src="/symbols/svg/cloudy.svg"
        title="Cloudy"
      />
      <div>
        4
        °
      </div>
    </div>
    <div
      class="Hourlystyles__Day-sc-9ewovh-1 jlJFrI"
    >
      <div
        class="Hourlystyles__Hour-sc-9ewovh-2 bbzqeG"
      >
        9
      </div>
      <img
        alt="Cloudy"
        src="/symbols/svg/cloudy.svg"
        title="Cloudy"
      />
      <div>
        5
        °
      </div>
    </div>
  </div>
</div>
`;
